INFO - Loaded 62 CRLite filter(s), most recent was downloaded: 1 hours ago
DEBUG - Loaded certificate from certs/1412.der
DEBUG - Issuer DN: C=CN, O=UniTrust, CN=SHECA OV TLS RSA CA A1
DEBUG - Subject DN: C=CN, ST=江苏省, L=苏州市, O=中移（苏州）软件技术有限公司, CN=www.xn--923-yw3eu72pniuu5g.cmecloud.cn
DEBUG - Serial number: 11a620cae4d9e34c80122a2affe1bc04
DEBUG - Issuer SPKI hash: WI6nGsclPUABSKW3JyWkcmgz7zhO6-Y87hF_ON9GKbE=
TRACE - 20260902-0-default.filter: NotCovered
TRACE - 20260902-1-default.filter.delta: NotCovered
TRACE - 20260903-0-default.filter.delta: NotCovered
TRACE - 20260903-1-default.filter.delta: NotCovered
TRACE - 20260904-0-default.filter.delta: NotCovered
TRACE - 20260904-1-default.filter.delta: NotCovered
TRACE - 20260905-0-default.filter.delta: NotCovered
TRACE - 20260905-1-default.filter.delta: NotCovered
TRACE - 20260906-0-default.filter.delta: NotCovered
TRACE - 20260906-1-default.filter.delta: NotCovered
TRACE - 20260907-0-default.filter.delta: NotCovered
TRACE - 20260907-1-default.filter.delta: NotCovered
TRACE - 20260908-0-default.filter.delta: NotCovered
TRACE - 20260908-1-default.filter.delta: NotCovered
TRACE - 20260909-0-default.filter.delta: NotCovered
TRACE - 20260909-1-default.filter.delta: NotCovered
TRACE - 20260910-0-default.filter.delta: NotCovered
TRACE - 20260910-1-default.filter.delta: NotCovered
TRACE - 20260911-0-default.filter.delta: NotCovered
TRACE - 20260911-1-default.filter.delta: NotCovered
TRACE - 20260912-0-default.filter.delta: NotCovered
TRACE - 20260912-1-default.filter.delta: NotCovered
TRACE - 20260913-0-default.filter.delta: NotCovered
TRACE - 20260913-1-default.filter.delta: NotCovered
TRACE - 20260914-0-default.filter.delta: NotCovered
TRACE - 20260914-1-default.filter.delta: NotCovered
TRACE - 20260915-0-default.filter.delta: NotCovered
TRACE - 20260915-1-default.filter.delta: NotCovered
TRACE - 20260916-0-default.filter.delta: NotCovered
TRACE - 20260916-1-default.filter.delta: NotCovered
TRACE - 20260917-0-default.filter.delta: NotCovered
TRACE - 20260917-1-default.filter.delta: NotCovered
TRACE - 20260918-0-default.filter.delta: NotCovered
TRACE - 20260918-1-default.filter.delta: NotCovered
TRACE - 20260919-0-default.filter.delta: NotCovered
TRACE - 20260919-1-default.filter.delta: NotCovered
TRACE - 20260920-0-default.filter.delta: NotCovered
TRACE - 20260920-1-default.filter.delta: NotCovered
TRACE - 20260921-0-default.filter.delta: NotCovered
TRACE - 20260921-1-default.filter.delta: NotCovered
TRACE - 20260922-0-default.filter.delta: NotCovered
TRACE - 20260922-1-default.filter.delta: NotCovered
TRACE - 20260923-0-default.filter.delta: NotCovered
TRACE - 20260923-1-default.filter.delta: NotCovered
TRACE - 20260924-0-default.filter.delta: Good
TRACE - 20260924-1-default.filter.delta: Good
TRACE - 20260925-0-default.filter.delta: Good
TRACE - 20260925-1-default.filter.delta: Good
TRACE - 20260926-0-default.filter.delta: Good
TRACE - 20260926-1-default.filter.delta: Good
TRACE - 20260927-0-default.filter.delta: Good
TRACE - 20260927-1-default.filter.delta: Good
TRACE - 20260928-0-default.filter.delta: Good
TRACE - 20260928-1-default.filter.delta: Good
TRACE - 20260929-0-default.filter.delta: Good
TRACE - 20260929-1-default.filter.delta: Good
TRACE - 20260930-0-default.filter.delta: Good
TRACE - 20260930-1-default.filter.delta: Good
TRACE - 20261001-0-default.filter.delta: Good
TRACE - 20261001-1-default.filter.delta: Good
TRACE - 20261002-0-default.filter.delta: Good
TRACE - 20261002-1-default.filter.delta: Good
INFO - certs/1412.der Good
